
> pawtrack-cr@0.1.0 dev
> vite --host localhost --port 5173 --strictPort


  [32m[1mVITE[22m v6.4.3[39m  [2mready in [0m[1m956[22m[2m[0m ms[22m

  [32m➜[39m  [1mLocal[22m:   [36mhttp://localhost:[1m5173[22m/[39m
[2m[32m  ➜[39m[22m[2m  press [22m[1mh + enter[22m[2m to show help[22m
[2m12:09:03 p. m.[22m [36m[1m[vite][22m[39m [90m[2m(client)[22m[39m [32mhmr update [39m[2m/@fs/C:\Nala\frontend\src\features\map\components\MapContainer.tsx, /src/styles/globals.css[22m
[2m12:09:03 p. m.[22m [36m[1m[vite][22m[39m [90m[2m(client)[22m[39m [32mhmr update [39m[2m/@fs/C:\Nala\frontend\src\features\map\pages\PublicMapPage.tsx, /src/styles/globals.css[22m
[2m12:09:03 p. m.[22m [36m[1m[vite][22m[39m [90m[2m(client)[22m[39m [32mpage reload [39m[2msrc/features/animal-welfare/pages/ReportWelfareCasePage.tsx[22m
[2m12:09:03 p. m.[22m [36m[1m[vite][22m[39m [90m[2m(client)[22m[39m [32mhmr update [39m[2m/src/app/routes.tsx, /src/styles/globals.css[22m
[2m12:09:04 p. m.[22m [36m[1m[vite][22m[39m [90m[2m(client)[22m[39m [33mhmr invalidate [39m[2m/src/app/routes.tsx[22m Could not Fast Refresh ("router" export is incompatible). Learn more at https://github.com/vitejs/vite-plugin-react/tree/main/packages/plugin-react#consistent-components-exports
[2m12:09:04 p. m.[22m [36m[1m[vite][22m[39m [90m[2m(client)[22m[39m [32mhmr update [39m[2m/src/App.tsx, /src/styles/globals.css[22m
[2m12:09:09 p. m.[22m [36m[1m[vite][22m[39m [90m[2m(client)[22m[39m [32mpage reload [39m[2msrc/features/service-providers/hooks/useServiceProviders.ts[22m
[2m12:09:09 p. m.[22m [36m[1m[vite][22m[39m [90m[2m(client)[22m[39m [32mhmr update [39m[2m/@fs/C:\Nala\frontend\src\features\map\pages\PublicMapPage.tsx, /src/styles/globals.css[22m
[2m12:09:27 p. m.[22m [36m[1m[vite][22m[39m [90m[2m(client)[22m[39m [32mhmr update [39m[2m/src/app/routes.tsx, /src/styles/globals.css[22m
[2m12:09:27 p. m.[22m [36m[1m[vite][22m[39m [90m[2m(client)[22m[39m [32mhmr update [39m[2m/@fs/C:\Nala\frontend\src\features\map\components\MapContainer.tsx, /src/styles/globals.css[22m
[2m12:09:27 p. m.[22m [36m[1m[vite][22m[39m [90m[2m(client)[22m[39m [32mpage reload [39m[2msrc/features/service-providers/hooks/useServiceProviders.ts[22m
[2m12:09:27 p. m.[22m [36m[1m[vite][22m[39m [90m[2m(client)[22m[39m [32mhmr update [39m[2m/src/styles/globals.css, /src/app/routes.tsx[22m
[2m12:09:27 p. m.[22m [36m[1m[vite][22m[39m [90m[2m(client)[22m[39m [32mhmr update [39m[2m/@fs/C:\Nala\frontend\src\features\map\pages\PublicMapPage.tsx, /src/styles/globals.css[22m
[2m12:09:27 p. m.[22m [36m[1m[vite][22m[39m [90m[2m(client)[22m[39m [32mpage reload [39m[2msrc/features/map/components/ServiceProviderMarker.tsx[22m
[2m12:09:28 p. m.[22m [36m[1m[vite][22m[39m [90m[2m(client)[22m[39m [33mhmr invalidate [39m[2m/src/app/routes.tsx[22m Could not Fast Refresh ("router" export is incompatible). Learn more at https://github.com/vitejs/vite-plugin-react/tree/main/packages/plugin-react#consistent-components-exports
[2m12:09:28 p. m.[22m [36m[1m[vite][22m[39m [90m[2m(client)[22m[39m [32mhmr update [39m[2m/src/App.tsx, /src/styles/globals.css[22m
[2m12:10:39 p. m.[22m [36m[1m[vite][22m[39m [90m[2m(client)[22m[39m [32mhmr update [39m[2m/src/styles/globals.css, /src/app/routes.tsx[22m
[2m12:10:39 p. m.[22m [36m[1m[vite][22m[39m [90m[2m(client)[22m[39m [33mhmr invalidate [39m[2m/src/app/routes.tsx[22m Could not Fast Refresh ("router" export is incompatible). Learn more at https://github.com/vitejs/vite-plugin-react/tree/main/packages/plugin-react#consistent-components-exports
[2m12:10:39 p. m.[22m [36m[1m[vite][22m[39m [90m[2m(client)[22m[39m [32mhmr update [39m[2m/src/App.tsx, /src/styles/globals.css[22m
[2m12:11:09 p. m.[22m [36m[1m[vite][22m[39m [90m[2m(client)[22m[39m [32mhmr update [39m[2m/src/styles/globals.css, /src/app/routes.tsx[22m
[2m12:11:10 p. m.[22m [36m[1m[vite][22m[39m [90m[2m(client)[22m[39m [33mhmr invalidate [39m[2m/src/app/routes.tsx[22m Could not Fast Refresh ("router" export is incompatible). Learn more at https://github.com/vitejs/vite-plugin-react/tree/main/packages/plugin-react#consistent-components-exports
[2m12:11:10 p. m.[22m [36m[1m[vite][22m[39m [90m[2m(client)[22m[39m [32mhmr update [39m[2m/src/App.tsx, /src/styles/globals.css[22m
[2m1:16:16 p. m.[22m [36m[1m[vite][22m[39m [90m[2m(client)[22m[39m [32mhmr update [39m[2m/@fs/C:\Nala\frontend\src\features\animal-welfare\pages\ReportWelfareCasePage.tsx, /src/styles/globals.css[22m
[2m1:21:58 p. m.[22m [36m[1m[vite][22m[39m [90m[2m(client)[22m[39m [32mhmr update [39m[2m/@fs/C:\Nala\frontend\src\features\animal-welfare\pages\ReportWelfareCasePage.tsx, /src/styles/globals.css[22m
[2m1:21:58 p. m.[22m [36m[1m[vite][22m[39m [90m[2m(client)[22m[39m [32mhmr update [39m[2m/@fs/C:\Nala\frontend\src\features\animal-welfare\components\WelfareLocationPicker.tsx, /src/styles/globals.css[22m
[2m1:23:40 p. m.[22m [36m[1m[vite][22m[39m [90m[2m(client)[22m[39m [32mhmr update [39m[2m/@fs/C:\Nala\frontend\src\features\pets\pages\PetDetailPage.tsx, /src/styles/globals.css[22m
[2m1:23:40 p. m.[22m [36m[1m[vite][22m[39m [90m[2m(client)[22m[39m [32mhmr update [39m[2m/@fs/C:\Nala\frontend\src\shared\ui\Tabs.tsx, /src/styles/globals.css[22m
[2m1:25:06 p. m.[22m [36m[1m[vite][22m[39m [90m[2m(client)[22m[39m [32mhmr update [39m[2m/@fs/C:\Nala\frontend\src\shared\ui\Tabs.tsx, /src/styles/globals.css[22m
[2m1:25:06 p. m.[22m [36m[1m[vite][22m[39m [90m[2m(client)[22m[39m [32mhmr update [39m[2m/@fs/C:\Nala\frontend\src\features\pets\pages\PetDetailPage.tsx, /src/styles/globals.css[22m
[2m1:42:07 p. m.[22m [36m[1m[vite][22m[39m [90m[2m(client)[22m[39m [32mhmr update [39m[2m/src/styles/globals.css, /@fs/C:\Nala\frontend\src\features\map\pages\PublicMapPage.tsx, /@fs/C:\Nala\frontend\src\features\map\components\ServiceProviderMarker.tsx[22m
[2m1:42:19 p. m.[22m [36m[1m[vite][22m[39m [90m[2m(client)[22m[39m [32mhmr update [39m[2m/src/app/routes.tsx, /src/styles/globals.css[22m
[2m1:42:20 p. m.[22m [36m[1m[vite][22m[39m [90m[2m(client)[22m[39m [33mhmr invalidate [39m[2m/src/app/routes.tsx[22m Could not Fast Refresh ("router" export is incompatible). Learn more at https://github.com/vitejs/vite-plugin-react/tree/main/packages/plugin-react#consistent-components-exports
[2m1:42:20 p. m.[22m [36m[1m[vite][22m[39m [90m[2m(client)[22m[39m [32mhmr update [39m[2m/src/App.tsx, /src/styles/globals.css[22m
[2m1:42:48 p. m.[22m [36m[1m[vite][22m[39m [90m[2m(client)[22m[39m [32mhmr update [39m[2m/src/app/routes.tsx, /src/styles/globals.css[22m
[2m1:42:50 p. m.[22m [36m[1m[vite][22m[39m [90m[2m(client)[22m[39m [33mhmr invalidate [39m[2m/src/app/routes.tsx[22m Could not Fast Refresh ("router" export is incompatible). Learn more at https://github.com/vitejs/vite-plugin-react/tree/main/packages/plugin-react#consistent-components-exports
[2m1:42:50 p. m.[22m [36m[1m[vite][22m[39m [90m[2m(client)[22m[39m [32mhmr update [39m[2m/src/App.tsx, /src/styles/globals.css[22m
[2m1:43:16 p. m.[22m [36m[1m[vite][22m[39m [90m[2m(client)[22m[39m [32mhmr update [39m[2m/src/app/routes.tsx, /src/styles/globals.css[22m
[2m1:43:16 p. m.[22m [36m[1m[vite][22m[39m [90m[2m(client)[22m[39m [33mhmr invalidate [39m[2m/src/app/routes.tsx[22m Could not Fast Refresh ("router" export is incompatible). Learn more at https://github.com/vitejs/vite-plugin-react/tree/main/packages/plugin-react#consistent-components-exports
[2m1:43:16 p. m.[22m [36m[1m[vite][22m[39m [90m[2m(client)[22m[39m [32mhmr update [39m[2m/src/App.tsx, /src/styles/globals.css[22m
[2m1:43:47 p. m.[22m [36m[1m[vite][22m[39m [90m[2m(client)[22m[39m [32mhmr update [39m[2m/src/app/routes.tsx, /src/styles/globals.css[22m
[2m1:43:48 p. m.[22m [36m[1m[vite][22m[39m [90m[2m(client)[22m[39m [33mhmr invalidate [39m[2m/src/app/routes.tsx[22m Could not Fast Refresh ("router" export is incompatible). Learn more at https://github.com/vitejs/vite-plugin-react/tree/main/packages/plugin-react#consistent-components-exports
[2m1:43:48 p. m.[22m [36m[1m[vite][22m[39m [90m[2m(client)[22m[39m [32mhmr update [39m[2m/src/App.tsx, /src/styles/globals.css[22m
[2m2:54:35 p. m.[22m [36m[1m[vite][22m[39m [90m[2m(client)[22m[39m [32mhmr update [39m[2m/src/styles/globals.css, /@fs/C:\Nala\frontend\src\features\map\pages\PublicMapPage.tsx, /@fs/C:\Nala\frontend\src\features\medical\components\MedicalHistoryTab.tsx, /@fs/C:\Nala\frontend\src\features\clinics\pages\ClinicDashboardPage.tsx, /@fs/C:\Nala\frontend\src\features\map\components\ClinicMarker.tsx[22m
[2m2:55:02 p. m.[22m [36m[1m[vite][22m[39m [90m[2m(client)[22m[39m [32mhmr update [39m[2m/src/styles/globals.css, /@fs/C:\Nala\frontend\src\features\map\pages\PublicMapPage.tsx, /@fs/C:\Nala\frontend\src\features\medical\components\MedicalHistoryTab.tsx, /@fs/C:\Nala\frontend\src\features\clinics\pages\ClinicDashboardPage.tsx, /@fs/C:\Nala\frontend\src\features\map\components\ClinicMarker.tsx[22m
[2m2:55:07 p. m.[22m [36m[1m[vite][22m[39m [90m[2m(client)[22m[39m [32mhmr update [39m[2m/src/styles/globals.css, /@fs/C:\Nala\frontend\src\features\map\pages\PublicMapPage.tsx, /@fs/C:\Nala\frontend\src\features\medical\components\MedicalHistoryTab.tsx, /@fs/C:\Nala\frontend\src\features\clinics\pages\ClinicDashboardPage.tsx[22m
[2m2:55:20 p. m.[22m [36m[1m[vite][22m[39m [90m[2m(client)[22m[39m [32mhmr update [39m[2m/@fs/C:\Nala\frontend\src\features\medical\components\MedicalHistoryTab.tsx, /src/styles/globals.css[22m
[2m2:55:38 p. m.[22m [36m[1m[vite][22m[39m [90m[2m(client)[22m[39m [32mhmr update [39m[2m/@fs/C:\Nala\frontend\src\features\medical\components\PetClinicAccessManager.tsx, /src/styles/globals.css[22m
[2m2:55:56 p. m.[22m [36m[1m[vite][22m[39m [90m[2m(client)[22m[39m [32mhmr update [39m[2m/@fs/C:\Nala\frontend\src\features\medical\components\PetClinicAccessManager.tsx, /src/styles/globals.css[22m
[2m2:56:27 p. m.[22m [36m[1m[vite][22m[39m [90m[2m(client)[22m[39m [32mhmr update [39m[2m/@fs/C:\Nala\frontend\src\features\medical\components\PetClinicAccessManager.tsx, /src/styles/globals.css[22m
[2m2:56:27 p. m.[22m [31m[1m[vite][22m[39m [31mInternal server error: C:\Nala\frontend\src\features\medical\components\PetClinicAccessManager.tsx: Adjacent JSX elements must be wrapped in an enclosing tag. Did you want a JSX fragment <>...</>? (372:10)

[0m [90m 370 |[31m               [33mGenerar[31m código
 [90m 371 |[31m             [33m<[31m[33m/[31m[33mButton[31m[33m>[31m
[31m[1m>[22m[31m[90m 372 |[31m           [33m<[31m[33m/[31m[33mdiv[31m[33m>[31m
 [90m     |[31m           [31m[1m^[22m[31m
 [90m 373 |[31m         [33m<[31m[33m/[31m[33mdiv[31m[33m>[31m
 [90m 374 |[31m       )}
 [90m 375 |[31m[0m[39m
  Plugin: [35mvite:react-babel[39m
  File: [36mC:/Nala/frontend/src/features/medical/components/PetClinicAccessManager.tsx[39m:372:10
[33m  382|        ) : activeGrants.length > 0 ? (
  383|          <ul className="space-y-2">
  384|            {activeGrants.map((g) => (
     |                                 ^
  385|              <GrantRow key={g.id} grant={g} petId={petId} />
  386|            ))}[39m
      at constructor (C:\Nala\frontend\node_modules\@babel\parser\lib\index.js:369:19)
      at TypeScriptParserMixin.raise (C:\Nala\frontend\node_modules\@babel\parser\lib\index.js:6620:19)
      at TypeScriptParserMixin.jsxParseElementAt (C:\Nala\frontend\node_modules\@babel\parser\lib\index.js:4758:18)
      at TypeScriptParserMixin.jsxParseElement (C:\Nala\frontend\node_modules\@babel\parser\lib\index.js:4765:17)
      at TypeScriptParserMixin.parseExprAtom (C:\Nala\frontend\node_modules\@babel\parser\lib\index.js:4775:19)
      at TypeScriptParserMixin.parseExprSubscripts (C:\Nala\frontend\node_modules\@babel\parser\lib\index.js:11102:23)
      at TypeScriptParserMixin.parseUpdate (C:\Nala\frontend\node_modules\@babel\parser\lib\index.js:11087:21)
      at TypeScriptParserMixin.parseMaybeUnary (C:\Nala\frontend\node_modules\@babel\parser\lib\index.js:11067:23)
      at TypeScriptParserMixin.parseMaybeUnary (C:\Nala\frontend\node_modules\@babel\parser\lib\index.js:9858:18)
      at TypeScriptParserMixin.parseMaybeUnaryOrPrivate (C:\Nala\frontend\node_modules\@babel\parser\lib\index.js:10920:61)
      at TypeScriptParserMixin.parseExprOps (C:\Nala\frontend\node_modules\@babel\parser\lib\index.js:10925:23)
      at TypeScriptParserMixin.parseMaybeConditional (C:\Nala\frontend\node_modules\@babel\parser\lib\index.js:10902:23)
      at TypeScriptParserMixin.parseMaybeAssign (C:\Nala\frontend\node_modules\@babel\parser\lib\index.js:10852:21)
      at C:\Nala\frontend\node_modules\@babel\parser\lib\index.js:9796:39
      at TypeScriptParserMixin.tryParse (C:\Nala\frontend\node_modules\@babel\parser\lib\index.js:6928:20)
      at TypeScriptParserMixin.parseMaybeAssign (C:\Nala\frontend\node_modules\@babel\parser\lib\index.js:9796:18)
      at C:\Nala\frontend\node_modules\@babel\parser\lib\index.js:10821:39
      at TypeScriptParserMixin.allowInAnd (C:\Nala\frontend\node_modules\@babel\parser\lib\index.js:12455:12)
      at TypeScriptParserMixin.parseMaybeAssignAllowIn (C:\Nala\frontend\node_modules\@babel\parser\lib\index.js:10821:17)
      at TypeScriptParserMixin.parseMaybeAssignAllowInOrVoidPattern (C:\Nala\frontend\node_modules\@babel\parser\lib\index.js:12522:17)
      at TypeScriptParserMixin.parseParenAndDistinguishExpression (C:\Nala\frontend\node_modules\@babel\parser\lib\index.js:11701:28)
      at TypeScriptParserMixin.parseExprAtom (C:\Nala\frontend\node_modules\@babel\parser\lib\index.js:11357:23)
      at TypeScriptParserMixin.parseExprAtom (C:\Nala\frontend\node_modules\@babel\parser\lib\index.js:4780:20)
      at TypeScriptParserMixin.parseExprSubscripts (C:\Nala\frontend\node_modules\@babel\parser\lib\index.js:11102:23)
      at TypeScriptParserMixin.parseUpdate (C:\Nala\frontend\node_modules\@babel\parser\lib\index.js:11087:21)
      at TypeScriptParserMixin.parseMaybeUnary (C:\Nala\frontend\node_modules\@babel\parser\lib\index.js:11067:23)
      at TypeScriptParserMixin.parseMaybeUnary (C:\Nala\frontend\node_modules\@babel\parser\lib\index.js:9858:18)
      at TypeScriptParserMixin.parseMaybeUnaryOrPrivate (C:\Nala\frontend\node_modules\@babel\parser\lib\index.js:10920:61)
      at TypeScriptParserMixin.parseExprOpBaseRightExpr (C:\Nala\frontend\node_modules\@babel\parser\lib\index.js:11007:34)
      at TypeScriptParserMixin.parseExprOpRightExpr (C:\Nala\frontend\node_modules\@babel\parser\lib\index.js:11002:21)
      at TypeScriptParserMixin.parseExprOp (C:\Nala\frontend\node_modules\@babel\parser\lib\index.js:10968:27)
      at TypeScriptParserMixin.parseExprOp (C:\Nala\frontend\node_modules\@babel\parser\lib\index.js:9327:18)
      at TypeScriptParserMixin.parseExprOps (C:\Nala\frontend\node_modules\@babel\parser\lib\index.js:10929:17)
      at TypeScriptParserMixin.parseMaybeConditional (C:\Nala\frontend\node_modules\@babel\parser\lib\index.js:10902:23)
      at TypeScriptParserMixin.parseMaybeAssign (C:\Nala\frontend\node_modules\@babel\parser\lib\index.js:10852:21)
      at TypeScriptParserMixin.parseMaybeAssign (C:\Nala\frontend\node_modules\@babel\parser\lib\index.js:9807:20)
      at TypeScriptParserMixin.parseExpressionBase (C:\Nala\frontend\node_modules\@babel\parser\lib\index.js:10805:23)
      at C:\Nala\frontend\node_modules\@babel\parser\lib\index.js:10801:39
      at TypeScriptParserMixin.allowInAnd (C:\Nala\frontend\node_modules\@babel\parser\lib\index.js:12455:12)
      at TypeScriptParserMixin.parseExpression (C:\Nala\frontend\node_modules\@babel\parser\lib\index.js:10801:17)
      at TypeScriptParserMixin.jsxParseExpressionContainer (C:\Nala\frontend\node_modules\@babel\parser\lib\index.js:4648:31)
      at TypeScriptParserMixin.jsxParseElementAt (C:\Nala\frontend\node_modules\@babel\parser\lib\index.js:4727:36)
      at TypeScriptParserMixin.jsxParseElement (C:\Nala\frontend\node_modules\@babel\parser\lib\index.js:4765:17)
      at TypeScriptParserMixin.parseExprAtom (C:\Nala\frontend\node_modules\@babel\parser\lib\index.js:4775:19)
      at TypeScriptParserMixin.parseExprSubscripts (C:\Nala\frontend\node_modules\@babel\parser\lib\index.js:11102:23)
      at TypeScriptParserMixin.parseUpdate (C:\Nala\frontend\node_modules\@babel\parser\lib\index.js:11087:21)
      at TypeScriptParserMixin.parseMaybeUnary (C:\Nala\frontend\node_modules\@babel\parser\lib\index.js:11067:23)
      at TypeScriptParserMixin.parseMaybeUnary (C:\Nala\frontend\node_modules\@babel\parser\lib\index.js:9858:18)
      at TypeScriptParserMixin.parseMaybeUnaryOrPrivate (C:\Nala\frontend\node_modules\@babel\parser\lib\index.js:10920:61)
      at TypeScriptParserMixin.parseExprOps (C:\Nala\frontend\node_modules\@babel\parser\lib\index.js:10925:23)
[2m2:56:35 p. m.[22m [36m[1m[vite][22m[39m [90m[2m(client)[22m[39m [32mhmr update [39m[2m/@fs/C:\Nala\frontend\src\features\medical\components\PetClinicAccessManager.tsx, /src/styles/globals.css[22m
[2m2:59:47 p. m.[22m [36m[1m[vite][22m[39m [90m[2m(client)[22m[39m [32mhmr update [39m[2m/@fs/C:\Nala\frontend\src\features\medical\components\MedicalHistoryTab.tsx, /src/styles/globals.css[22m
[2m2:59:47 p. m.[22m [36m[1m[vite][22m[39m [90m[2m(client)[22m[39m [32mhmr update [39m[2m/@fs/C:\Nala\frontend\src\features\medical\components\PetClinicAccessManager.tsx, /src/styles/globals.css[22m
[2m2:59:47 p. m.[22m [36m[1m[vite][22m[39m [90m[2m(client)[22m[39m [32mhmr update [39m[2m/src/styles/globals.css, /@fs/C:\Nala\frontend\src\features\map\pages\PublicMapPage.tsx, /@fs/C:\Nala\frontend\src\features\clinics\pages\ClinicDashboardPage.tsx, /@fs/C:\Nala\frontend\src\features\medical\components\PetClinicAccessManager.tsx[22m
[2m2:59:47 p. m.[22m [36m[1m[vite][22m[39m [90m[2m(client)[22m[39m [32mhmr update [39m[2m/src/styles/globals.css, /@fs/C:\Nala\frontend\src\features\map\pages\PublicMapPage.tsx, /@fs/C:\Nala\frontend\src\features\clinics\pages\ClinicDashboardPage.tsx, /@fs/C:\Nala\frontend\src\features\medical\components\PetClinicAccessManager.tsx, /@fs/C:\Nala\frontend\src\features\map\components\ClinicMarker.tsx[22m
[2m3:06:16 p. m.[22m [36m[1m[vite][22m[39m [90m[2m(client)[22m[39m [32mhmr update [39m[2m/@fs/C:\Nala\frontend\src\features\pets\pages\DashboardPage.tsx, /src/styles/globals.css[22m
[2m3:09:24 p. m.[22m [36m[1m[vite][22m[39m [90m[2m(client)[22m[39m [32mhmr update [39m[2m/@fs/C:\Nala\frontend\src\features\pets\pages\DashboardPage.tsx, /src/styles/globals.css[22m
[2m3:52:58 p. m.[22m [36m[1m[vite][22m[39m [90m[2m(client)[22m[39m [32mhmr update [39m[2m/@fs/C:\Nala\frontend\src\features\pets\components\CollarGpsTab.tsx, /src/styles/globals.css[22m
[2m3:52:58 p. m.[22m [31m[1m[vite][22m[39m [31mInternal server error: C:\Nala\frontend\src\features\pets\components\CollarGpsTab.tsx: Unexpected token (180:11)

[0m [90m 178 |[31m             [33m<[31m[33m/[31m[33mdiv[31m[33m>[31m
 [90m 179 |[31m           [33m<[31m[33m/[31m[33mdiv[31m[33m>[31m
[31m[1m>[22m[31m[90m 180 |[31m         )} [33m*[31m[33m/[31m}
 [90m     |[31m            [31m[1m^[22m[31m
 [90m 181 |[31m       [33m<[31m[33m/[31m[33mdiv[31m[33m>[31m
 [90m 182 |[31m     )[33m;[31m
 [90m 183 |[31m   }[0m[39m
  Plugin: [35mvite:react-babel[39m
  File: [36mC:/Nala/frontend/src/features/pets/components/CollarGpsTab.tsx[39m:180:11
[33m  188|        <motion.div
  189|          initial={{ opacity: 0, y: 4 }}
  190|          animate={{ opacity: 1, y: 0 }}
     |                           ^
  191|          className="flex items-center gap-3 rounded-2xl border border-sand-200 bg-surface p-3"
  192|        >[39m
      at constructor (C:\Nala\frontend\node_modules\@babel\parser\lib\index.js:369:19)
      at TypeScriptParserMixin.raise (C:\Nala\frontend\node_modules\@babel\parser\lib\index.js:6620:19)
      at TypeScriptParserMixin.unexpected (C:\Nala\frontend\node_modules\@babel\parser\lib\index.js:6640:16)
      at TypeScriptParserMixin.parseExprAtom (C:\Nala\frontend\node_modules\@babel\parser\lib\index.js:11468:22)
      at TypeScriptParserMixin.parseExprAtom (C:\Nala\frontend\node_modules\@babel\parser\lib\index.js:4780:20)
      at TypeScriptParserMixin.parseExprSubscripts (C:\Nala\frontend\node_modules\@babel\parser\lib\index.js:11102:23)
      at TypeScriptParserMixin.parseUpdate (C:\Nala\frontend\node_modules\@babel\parser\lib\index.js:11087:21)
      at TypeScriptParserMixin.parseMaybeUnary (C:\Nala\frontend\node_modules\@babel\parser\lib\index.js:11067:23)
      at TypeScriptParserMixin.parseMaybeUnary (C:\Nala\frontend\node_modules\@babel\parser\lib\index.js:9858:18)
      at TypeScriptParserMixin.parseMaybeUnaryOrPrivate (C:\Nala\frontend\node_modules\@babel\parser\lib\index.js:10920:61)
      at TypeScriptParserMixin.parseExprOps (C:\Nala\frontend\node_modules\@babel\parser\lib\index.js:10925:23)
      at TypeScriptParserMixin.parseMaybeConditional (C:\Nala\frontend\node_modules\@babel\parser\lib\index.js:10902:23)
      at TypeScriptParserMixin.parseMaybeAssign (C:\Nala\frontend\node_modules\@babel\parser\lib\index.js:10852:21)
      at TypeScriptParserMixin.parseMaybeAssign (C:\Nala\frontend\node_modules\@babel\parser\lib\index.js:9807:20)
      at TypeScriptParserMixin.parseExpressionBase (C:\Nala\frontend\node_modules\@babel\parser\lib\index.js:10805:23)
      at C:\Nala\frontend\node_modules\@babel\parser\lib\index.js:10801:39
      at TypeScriptParserMixin.allowInAnd (C:\Nala\frontend\node_modules\@babel\parser\lib\index.js:12450:16)
      at TypeScriptParserMixin.parseExpression (C:\Nala\frontend\node_modules\@babel\parser\lib\index.js:10801:17)
      at TypeScriptParserMixin.parseStatementContent (C:\Nala\frontend\node_modules\@babel\parser\lib\index.js:12924:23)
      at TypeScriptParserMixin.parseStatementContent (C:\Nala\frontend\node_modules\@babel\parser\lib\index.js:9529:18)
      at TypeScriptParserMixin.parseStatementLike (C:\Nala\frontend\node_modules\@babel\parser\lib\index.js:12796:17)
      at TypeScriptParserMixin.parseStatementListItem (C:\Nala\frontend\node_modules\@babel\parser\lib\index.js:12776:17)
      at TypeScriptParserMixin.parseBlockOrModuleBlockBody (C:\Nala\frontend\node_modules\@babel\parser\lib\index.js:13345:61)
      at TypeScriptParserMixin.parseBlockBody (C:\Nala\frontend\node_modules\@babel\parser\lib\index.js:13338:10)
      at TypeScriptParserMixin.parseBlock (C:\Nala\frontend\node_modules\@babel\parser\lib\index.js:13326:10)
      at TypeScriptParserMixin.parseFunctionBody (C:\Nala\frontend\node_modules\@babel\parser\lib\index.js:12129:24)
      at TypeScriptParserMixin.parseFunctionBodyAndFinish (C:\Nala\frontend\node_modules\@babel\parser\lib\index.js:12115:10)
      at TypeScriptParserMixin.parseFunctionBodyAndFinish (C:\Nala\frontend\node_modules\@babel\parser\lib\index.js:9193:18)
      at C:\Nala\frontend\node_modules\@babel\parser\lib\index.js:13474:12
      at TypeScriptParserMixin.withSmartMixTopicForbiddingContext (C:\Nala\frontend\node_modules\@babel\parser\lib\index.js:12432:14)
      at TypeScriptParserMixin.parseFunction (C:\Nala\frontend\node_modules\@babel\parser\lib\index.js:13473:10)
      at TypeScriptParserMixin.parseFunctionStatement (C:\Nala\frontend\node_modules\@babel\parser\lib\index.js:13154:17)
      at TypeScriptParserMixin.parseStatementContent (C:\Nala\frontend\node_modules\@babel\parser\lib\index.js:12820:21)
      at TypeScriptParserMixin.parseStatementContent (C:\Nala\frontend\node_modules\@babel\parser\lib\index.js:9529:18)
      at TypeScriptParserMixin.parseStatementLike (C:\Nala\frontend\node_modules\@babel\parser\lib\index.js:12796:17)
      at TypeScriptParserMixin.parseStatementListItem (C:\Nala\frontend\node_modules\@babel\parser\lib\index.js:12776:17)
      at TypeScriptParserMixin.parseExportDeclaration (C:\Nala\frontend\node_modules\@babel\parser\lib\index.js:13963:17)
      at TypeScriptParserMixin.parseExportDeclaration (C:\Nala\frontend\node_modules\@babel\parser\lib\index.js:9650:85)
      at TypeScriptParserMixin.maybeParseExportDeclaration (C:\Nala\frontend\node_modules\@babel\parser\lib\index.js:13922:31)
      at TypeScriptParserMixin.parseExport (C:\Nala\frontend\node_modules\@babel\parser\lib\index.js:13841:29)
      at TypeScriptParserMixin.parseExport (C:\Nala\frontend\node_modules\@babel\parser\lib\index.js:9406:20)
      at TypeScriptParserMixin.parseStatementContent (C:\Nala\frontend\node_modules\@babel\parser\lib\index.js:12907:27)
      at TypeScriptParserMixin.parseStatementContent (C:\Nala\frontend\node_modules\@babel\parser\lib\index.js:9529:18)
      at TypeScriptParserMixin.parseStatementLike (C:\Nala\frontend\node_modules\@babel\parser\lib\index.js:12796:17)
      at TypeScriptParserMixin.parseModuleItem (C:\Nala\frontend\node_modules\@babel\parser\lib\index.js:12773:17)
      at TypeScriptParserMixin.parseBlockOrModuleBlockBody (C:\Nala\frontend\node_modules\@babel\parser\lib\index.js:13345:36)
      at TypeScriptParserMixin.parseBlockBody (C:\Nala\frontend\node_modules\@babel\parser\lib\index.js:13338:10)
      at TypeScriptParserMixin.parseProgram (C:\Nala\frontend\node_modules\@babel\parser\lib\index.js:12651:10)
      at TypeScriptParserMixin.parseTopLevel (C:\Nala\frontend\node_modules\@babel\parser\lib\index.js:12641:25)
      at TypeScriptParserMixin.parse (C:\Nala\frontend\node_modules\@babel\parser\lib\index.js:14517:25)
[2m3:55:11 p. m.[22m [36m[1m[vite][22m[39m [90m[2m(client)[22m[39m [32mhmr update [39m[2m/@fs/C:\Nala\frontend\src\features\pets\components\CollarGpsTab.tsx, /src/styles/globals.css[22m
[2m3:55:52 p. m.[22m [36m[1m[vite][22m[39m [90m[2m(client)[22m[39m [32mhmr update [39m[2m/@fs/C:\Nala\frontend\src\features\pets\components\CollarGpsTab.tsx, /src/styles/globals.css[22m
[2m3:56:55 p. m.[22m [36m[1m[vite][22m[39m [90m[2m(client)[22m[39m [32mhmr update [39m[2m/@fs/C:\Nala\frontend\src\features\pets\components\CollarGpsTab.tsx, /src/styles/globals.css[22m
[2m3:57:21 p. m.[22m [36m[1m[vite][22m[39m [90m[2m(client)[22m[39m [32mhmr update [39m[2m/@fs/C:\Nala\frontend\src\features\pets\components\CollarGpsTab.tsx, /src/styles/globals.css[22m
[2m3:58:36 p. m.[22m [36m[1m[vite][22m[39m [90m[2m(client)[22m[39m [32mhmr update [39m[2m/@fs/C:\Nala\frontend\src\features\pets\components\CollarGpsTab.tsx, /src/styles/globals.css[22m
[2m3:58:45 p. m.[22m [36m[1m[vite][22m[39m [90m[2m(client)[22m[39m [32mhmr update [39m[2m/@fs/C:\Nala\frontend\src\features\pets\components\CollarGpsTab.tsx, /src/styles/globals.css[22m
[2m4:05:54 p. m.[22m [36m[1m[vite][22m[39m [90m[2m(client)[22m[39m [32mhmr update [39m[2m/@fs/C:\Nala\frontend\src\app\layout\AuthenticatedLayout.tsx, /src/styles/globals.css[22m
[2m4:06:11 p. m.[22m [36m[1m[vite][22m[39m [90m[2m(client)[22m[39m [32mpage reload [39m[2mtests/app/layout/AuthenticatedLayout.test.tsx[22m
[2m4:08:34 p. m.[22m [36m[1m[vite][22m[39m [90m[2m(client)[22m[39m [32mhmr update [39m[2m/@fs/C:\Nala\frontend\src\app\layout\AuthenticatedLayout.tsx, /src/styles/globals.css[22m
[2m4:08:34 p. m.[22m [36m[1m[vite][22m[39m [90m[2m(client)[22m[39m [32mpage reload [39m[2mtests/app/layout/AuthenticatedLayout.test.tsx[22m
[2m4:35:45 p. m.[22m [36m[1m[vite][22m[39m [90m[2m(client)[22m[39m [32mhmr update [39m[2m/src/app/routes.tsx, /src/styles/globals.css[22m
[2m4:35:46 p. m.[22m [36m[1m[vite][22m[39m [90m[2m(client)[22m[39m [33mhmr invalidate [39m[2m/src/app/routes.tsx[22m Could not Fast Refresh ("router" export is incompatible). Learn more at https://github.com/vitejs/vite-plugin-react/tree/main/packages/plugin-react#consistent-components-exports
[2m4:35:46 p. m.[22m [36m[1m[vite][22m[39m [90m[2m(client)[22m[39m [32mhmr update [39m[2m/src/App.tsx, /src/styles/globals.css[22m
[2m4:35:53 p. m.[22m [36m[1m[vite][22m[39m [90m[2m(client)[22m[39m [32mhmr update [39m[2m/src/app/routes.tsx, /src/styles/globals.css[22m
[2m4:35:53 p. m.[22m [36m[1m[vite][22m[39m [90m[2m(client)[22m[39m [33mhmr invalidate [39m[2m/src/app/routes.tsx[22m Could not Fast Refresh ("router" export is incompatible). Learn more at https://github.com/vitejs/vite-plugin-react/tree/main/packages/plugin-react#consistent-components-exports
[2m4:35:53 p. m.[22m [36m[1m[vite][22m[39m [90m[2m(client)[22m[39m [32mhmr update [39m[2m/src/App.tsx, /src/styles/globals.css[22m
[2m4:35:59 p. m.[22m [36m[1m[vite][22m[39m [90m[2m(client)[22m[39m [32mhmr update [39m[2m/@fs/C:\Nala\frontend\src\features\auth\pages\RegisterPage.tsx, /src/styles/globals.css[22m
[2m4:36:32 p. m.[22m [36m[1m[vite][22m[39m [90m[2m(client)[22m[39m [32mhmr update [39m[2m/src/app/routes.tsx, /src/styles/globals.css[22m
[2m4:36:32 p. m.[22m [36m[1m[vite][22m[39m [90m[2m(client)[22m[39m [32mhmr update [39m[2m/src/app/routes.tsx, /src/styles/globals.css[22m
[2m4:36:32 p. m.[22m [36m[1m[vite][22m[39m [90m[2m(client)[22m[39m [33mhmr invalidate [39m[2m/src/app/routes.tsx[22m Could not Fast Refresh ("router" export is incompatible). Learn more at https://github.com/vitejs/vite-plugin-react/tree/main/packages/plugin-react#consistent-components-exports
[2m4:36:32 p. m.[22m [36m[1m[vite][22m[39m [90m[2m(client)[22m[39m [32mhmr update [39m[2m/src/App.tsx, /src/styles/globals.css[22m
[2m4:38:12 p. m.[22m [36m[1m[vite][22m[39m [90m[2m(client)[22m[39m [32mhmr update [39m[2m/src/app/routes.tsx, /src/styles/globals.css[22m
[2m4:38:12 p. m.[22m [36m[1m[vite][22m[39m [90m[2m(client)[22m[39m [33mhmr invalidate [39m[2m/src/app/routes.tsx[22m Could not Fast Refresh ("router" export is incompatible). Learn more at https://github.com/vitejs/vite-plugin-react/tree/main/packages/plugin-react#consistent-components-exports
[2m4:38:12 p. m.[22m [36m[1m[vite][22m[39m [90m[2m(client)[22m[39m [32mhmr update [39m[2m/src/App.tsx, /src/styles/globals.css[22m
[2m4:38:12 p. m.[22m [36m[1m[vite][22m[39m [90m[2m(client)[22m[39m [32mhmr update [39m[2m/@fs/C:\Nala\frontend\src\features\auth\pages\RegisterPage.tsx, /src/styles/globals.css[22m
[2m4:38:12 p. m.[22m [36m[1m[vite][22m[39m [90m[2m(client)[22m[39m [32mhmr update [39m[2m/src/app/routes.tsx, /src/styles/globals.css[22m
[2m4:38:13 p. m.[22m [36m[1m[vite][22m[39m [90m[2m(client)[22m[39m [32mhmr update [39m[2m/src/app/routes.tsx, /src/styles/globals.css[22m
[2m4:38:13 p. m.[22m [36m[1m[vite][22m[39m [90m[2m(client)[22m[39m [33mhmr invalidate [39m[2m/src/app/routes.tsx[22m Could not Fast Refresh ("router" export is incompatible). Learn more at https://github.com/vitejs/vite-plugin-react/tree/main/packages/plugin-react#consistent-components-exports
[2m4:38:13 p. m.[22m [36m[1m[vite][22m[39m [90m[2m(client)[22m[39m [32mhmr update [39m[2m/src/App.tsx, /src/styles/globals.css[22m
[2m4:54:13 p. m.[22m [36m[1m[vite][22m[39m [90m[2m(client)[22m[39m [32mhmr update [39m[2m/@fs/C:\Nala\frontend\src\features\auth\pages\LoginPage.tsx, /src/styles/globals.css[22m
[2m4:54:28 p. m.[22m [36m[1m[vite][22m[39m [90m[2m(client)[22m[39m [32mhmr update [39m[2m/@fs/C:\Nala\frontend\src\features\auth\pages\LoginPage.tsx, /src/styles/globals.css[22m
[2m4:54:48 p. m.[22m [36m[1m[vite][22m[39m [90m[2m(client)[22m[39m [32mhmr update [39m[2m/@fs/C:\Nala\frontend\src\features\auth\pages\LoginPage.tsx, /src/styles/globals.css[22m
[2m4:55:03 p. m.[22m [36m[1m[vite][22m[39m [90m[2m(client)[22m[39m [32mhmr update [39m[2m/@fs/C:\Nala\frontend\src\features\auth\pages\LoginPage.tsx, /src/styles/globals.css[22m
[2m4:57:49 p. m.[22m [36m[1m[vite][22m[39m [90m[2m(client)[22m[39m [32mhmr update [39m[2m/@fs/C:\Nala\frontend\src\features\auth\pages\LoginPage.tsx, /src/styles/globals.css[22m
